╨в╨╡╤Б╤В╨╛╨▓╤Л╨╣ ╨╖╨░╨┐╤Г╤Б╨║ ╨┤╨╗╤П D:\GitHub\u2\src\shared\bin\Release\net8.0\U2.Shared.dll (.NETCoreApp,Version=v8.0)
╨Т╨╡╤А╤Б╨╕╤П VSTest 17.11.1 (x64)

╨Ч╨░╨┐╤Г╤Б╨║ ╨▓╤Л╨┐╨╛╨╗╨╜╨╡╨╜╨╕╤П ╤В╨╡╤Б╤В╨╛╨▓; ╨┐╨╛╨┤╨╛╨╢╨┤╨╕╤В╨╡...
╨Ю╨▒╤Й╨╡╨╡ ╨║╨╛╨╗╨╕╤З╨╡╤Б╤В╨▓╨╛ ╤В╨╡╤Б╤В╨╛╨▓╤Л╤Е ╤Д╨░╨╣╨╗╨╛╨▓ (1), ╤Б╨╛╨╛╤В╨▓╨╡╤В╤Б╤В╨▓╤Г╤О╤Й╨╕╤Е ╤Г╨║╨░╨╖╨░╨╜╨╜╨╛╨╝╤Г ╤И╨░╨▒╨╗╨╛╨╜╤Г.

╨Я╤А╨╛╨╣╨┤╨╡╨╜!   : ╨╜╨╡ ╨┐╤А╨╛╨╣╨┤╨╡╨╜╨╛     0, ╨┐╤А╨╛╨╣╨┤╨╡╨╜╨╛   213, ╨┐╤А╨╛╨┐╤Г╤Й╨╡╨╜╨╛     0, ╨▓╤Б╨╡╨│╨╛   213, ╨┤╨╗╨╕╤В╨╡╨╗╤М╨╜╨╛╤Б╤В╤М 188 ms. - U2.Shared.dll (net8.0)
